B1-2 DEADLOCK DISABLED — ACTUAL RUNTIME EVIDENCE
GitHub Actions run: 31216931577
Artifact: b1-2-deadlock-probe / 9008913750
Runner: Ubuntu 24.04, user=runner uid=1001
Configuration: MEMORY_LIMIT=512, CPU_MAX_OCCUPY=10, MULTI_THREAD_ENABLE=false, AGENT_PORT=15034
Started: 2026-08-07T20:42:26Z
Listener PID: 3605
Observed through: about 59 seconds
End-of-observation: listener still alive

Unlike MULTI_THREAD_ENABLE=true, no Worker-Thread-1/Worker-Thread-2 mutual WAITING/BLOCKED lock sequence appeared. Application work continued throughout the observation window.

[application progression excerpts]
2026-08-07 20:42:54,746 [INFO] [CpuWorker] Current Load: 5.00%
2026-08-07 20:42:56,856 [INFO] [CpuWorker] Peak reached (10.00%). Starting cooldown...
2026-08-07 20:42:56,963 [INFO] [MemoryWorker] Current Heap: 250MB
2026-08-07 20:42:59,973 [INFO] [CpuWorker] Cooldown complete (5.00%). Resuming load increase...
2026-08-07 20:43:09,027 [INFO] [MemoryWorker] Current Heap: 350MB
2026-08-07 20:43:18,081 [INFO] [MemoryWorker] Current Heap: 425MB
2026-08-07 20:43:24,113 [INFO] [MemoryWorker] Current Heap: 475MB
2026-08-07 20:43:25,902 [INFO] [CpuWorker] Current Load: 10.00%

[monitor.sh progression]
[2026-08-07 20:43:04+0000] PID:3605 CPU:0.4% MEM:1.9% RSS_KB:325544 THREADS:3 STAT:SNl ETIME:00:38 COMM:agent-leak-app- PORT:15034/listen
[2026-08-07 20:43:09+0000] PID:3605 CPU:0.4% MEM:2.3% RSS_KB:376752 THREADS:3 STAT:SNl ETIME:00:42 COMM:agent-leak-app- PORT:15034/listen
[2026-08-07 20:43:18+0000] PID:3605 CPU:0.4% MEM:2.7% RSS_KB:453564 THREADS:3 STAT:SNl ETIME:00:52 COMM:agent-leak-app- PORT:15034/listen
[2026-08-07 20:43:24+0000] PID:3605 CPU:0.4% MEM:3.0% RSS_KB:504772 THREADS:3 STAT:SNl ETIME:00:57 COMM:agent-leak-app- PORT:15034/listen
[2026-08-07 20:43:25+0000] PID:3605 CPU:0.4% MEM:3.0% RSS_KB:504772 THREADS:3 STAT:SNl ETIME:00:58 COMM:agent-leak-app- PORT:15034/listen

Before/After result: with concurrency enabled, the application reached a mutual lock wait and then RSS/log progress stalled while PID stayed alive. With concurrency disabled, resource/activity logs and RSS continued to advance throughout the same bounded observation period.

Interpretation boundary: this is actual runtime evidence from the supplied binary. No binary decompilation/reverse engineering was performed.
