B1-2 OOM BEFORE — ACTUAL RUNTIME EVIDENCE
GitHub Actions run: 31216511416
Artifact: b1-2-runtime-cases / 9008779652
Runner: Ubuntu 24.04, user=runner uid=1001
Configuration: MEMORY_LIMIT=64, CPU_MAX_OCCUPY=100, MULTI_THREAD_ENABLE=false, AGENT_PORT=15034
Started: 2026-08-07T20:35:24Z
Ended: 2026-08-07T20:35:32Z
Listener PID: 2080
Elapsed: 8 seconds
Launcher exit code: 137

[monitor.sh]
[2026-08-07 20:35:24+0000] PID:2080 CPU:11.1% MEM:0.1% RSS_KB:18236 THREADS:1 STAT:SN ETIME:00:00 COMM:agent-leak-app- PORT:15034/listen
[2026-08-07 20:35:26+0000] PID:2080 CPU:1.1% MEM:0.2% RSS_KB:43840 THREADS:1 STAT:SN ETIME:00:02 COMM:agent-leak-app- PORT:15034/listen
[2026-08-07 20:35:30+0000] PID:2080 CPU:0.4% MEM:0.4% RSS_KB:69444 THREADS:1 STAT:SN ETIME:00:06 COMM:agent-leak-app- PORT:15034/listen
[2026-08-07 20:35:31+0000] PID:2080 CPU:0.4% MEM:0.4% RSS_KB:69444 THREADS:1 STAT:SN ETIME:00:07 COMM:agent-leak-app- PORT:15034/listen

[application log]
2026-08-07 20:35:26,226 [INFO] [MemoryWorker] Current Heap: 25MB
2026-08-07 20:35:29,245 [INFO] [MemoryWorker] Current Heap: 50MB
2026-08-07 20:35:32,265 [INFO] [MemoryWorker] Current Heap: 75MB
2026-08-07 20:35:32,266 [CRITICAL] [MemoryGuard] Memory limit exceeded (75MB >= 64MB) / (Recommend Over 256MB)
2026-08-07 20:35:32,266 [CRITICAL] [MemoryGuard] Self-terminating process 2080 to prevent system instability.

Interpretation boundary: these are excerpts from the actual supplied binary run. Mission PDF example output was not used as runtime evidence.
